// Jest Snapshot v1, https://goo.gl/fbAQLP

exports[`<App /> should render and match the snapshot 1`] = `
<ForwardRef(WithStyles)
  component="main"
  maxWidth="md"
>
  <CssBaseline />
  <HelmetWrapper
    defaultTitle="React.js Boilerplate"
    defer={true}
    encodeSpecialCharacters={true}
    titleTemplate="%s - React.js Boilerplate"
  >
    <meta
      content="A React.js Boilerplate application"
      name="description"
    />
  </HelmetWrapper>
  <UNDEFINED />
  <Switch>
    <Route
      component={[Function]}
      exact={true}
      path="/"
    />
    <ProtectedRoute
      path="/features"
    >
      <Unknown />
    </ProtectedRoute>
    <ProtectedRoute
      path="/password-reset"
    >
      <Unknown />
    </ProtectedRoute>
    <Route
      component={[Function]}
      path="/login"
    />
    <Route
      component={[Function]}
      path="/logout"
    />
    <Route
      component={[Function]}
      path="/signup"
    />
    <Route
      component={[Function]}
      path="/following-posts"
    />
    <Route
      component={[Function]}
      path=""
    />
  </Switch>
  <Footer />
  <GlobalStyleComponent />
</ForwardRef(WithStyles)>
`;
