// Jest Snapshot v1, https://goo.gl/fbAQLP

exports[`<App /> should render and match the snapshot 1`] = `
<ForwardRef(WithStyles)
  className="makeStyles-body-1"
  component="main"
  maxWidth="xl"
>
  <CssBaseline />
  <HelmetWrapper
    defaultTitle="Community Service"
    defer={true}
    encodeSpecialCharacters={true}
    titleTemplate="%s - otto"
  >
    <meta
      content="A community service application"
      name="description"
    />
  </HelmetWrapper>
  <ForwardRef(WithStyles)
    container={true}
    spacing={3}
  >
    <ForwardRef(WithStyles)
      item={true}
      xs={2}
    >
      <h1>
        TimeBox
      </h1>
      <UNDEFINED />
    </ForwardRef(WithStyles)>
    <ForwardRef(WithStyles)
      className="makeStyles-content-2"
      item={true}
      xs={10}
    >
      <Switch>
        <Route
          component={[Function]}
          exact={true}
          path="/"
        />
        <ProtectedRoute
          path="/features"
        >
          <Unknown />
        </ProtectedRoute>
        <ProtectedRoute
          path="/password-reset"
        >
          <Unknown />
        </ProtectedRoute>
        <Route
          component={[Function]}
          path="/login"
        />
        <Route
          component={[Function]}
          path="/logout"
        />
        <Route
          component={[Function]}
          path="/signup"
        />
        <Route
          component={[Function]}
          path="/following-posts"
        />
        <Route
          component={[Function]}
          path="/suggested-follows"
        />
        <Route
          component={[Function]}
          path="/profile"
        />
        <Route
          component={[Function]}
          path=""
        />
      </Switch>
    </ForwardRef(WithStyles)>
  </ForwardRef(WithStyles)>
  <Footer />
  <GlobalStyleComponent />
</ForwardRef(WithStyles)>
`;
