// Jest Snapshot v1, https://goo.gl/fbAQLP

exports[`<Header /> should render a div 1`] = `
<div>
  <div
    class="NavBar-sc-3b48xb-0 bOsPcC"
  >
    <div>
      <div>
        <a
          class="HeaderLink-sc-1mtyaiv-0 cXWdHM"
          href="/"
        >
          <span>
            Home
          </span>
        </a>
      </div>
      <div>
        <a
          class="HeaderLink-sc-1mtyaiv-0 cXWdHM"
          href="/login"
        >
          <span>
            Login
          </span>
        </a>
      </div>
      <div>
        <a
          class="HeaderLink-sc-1mtyaiv-0 cXWdHM"
          href="/signup"
        >
          <span>
            Signup
          </span>
        </a>
      </div>
    </div>
  </div>
</div>
`;
