// Jest Snapshot v1, https://goo.gl/fbAQLP

exports[`<HomePage /> should render and match the snapshot 1`] = `
<article>
  <div>
    <h1>
      <span>
        Try TimeBox Now
      </span>
    </h1>
    <p
      class="P-sc-76wrpw-0 cthJaQ"
    >
      Give 
      TimeBox
       a try today. Simple, unobtrusive, social networking.
    </p>
  </div>
</article>
`;
