// Jest Snapshot v1, https://goo.gl/fbAQLP

exports[`<HomePage /> should render and match the snapshot 1`] = `
<article>
  <div>
    <h1>
      <span>
        Try TimeBox Now
      </span>
    </h1>
    <p
      class="P-sc-76wrpw-0 cthJaQ"
    >
      Connect with friends, professionals, and family. Cut out the noise.
    </p>
    <p
      class="P-sc-76wrpw-0 cthJaQ"
    >
      Schedule, coordinate, and host local events in your area.
    </p>
    <p
      class="P-sc-76wrpw-0 cthJaQ"
    >
      Share pictures and video with your followers.
    </p>
    <p
      class="P-sc-76wrpw-0 cthJaQ"
    >
      Simple social networking is back in style. Give 
      TimeBox
       a try today.
    </p>
  </div>
</article>
`;
